
> placeholder-planner@0.0.0 test
> ng test --watch=false

[33m❯[39m Building...
[32m✔[39m Building...
[1mInitial chunk files[22m             [2m | [22m[1mNames[22m                        [2m | [22m [1mRaw size[22m
[32mchunk-442MCBS7.js[39m               [2m | [22m[2m-[22m                            [2m | [22m  [36m2.27 MB[39m[2m | [22m
[32mpolyfills.js[39m                    [2m | [22m[2mpolyfills[22m                    [2m | [22m  [36m1.04 MB[39m[2m | [22m
[32mspec-dashboard.component.spec.js[39m[2m | [22m[2mspec-dashboard.component.spec[22m[2m | [22m[36m243.63 kB[39m[2m | [22m
[32mchunk-RNPC6J6L.js[39m               [2m | [22m[2m-[22m                            [2m | [22m[36m232.05 kB[39m[2m | [22m
[32mchunk-WAFJRP7Q.js[39m               [2m | [22m[2m-[22m                            [2m | [22m[36m208.47 kB[39m[2m | [22m
[32mchunk-ENODMCGK.js[39m               [2m | [22m[2m-[22m                            [2m | [22m[36m193.54 kB[39m[2m | [22m
[32mchunk-WERLP23Z.js[39m               [2m | [22m[2m-[22m                            [2m | [22m[36m114.65 kB[39m[2m | [22m
[32mjasmine-cleanup-1.js[39m            [2m | [22m[2mjasmine-cleanup-1[22m            [2m | [22m [36m67.20 kB[39m[2m | [22m
[32mchunk-24WMSZ3T.js[39m               [2m | [22m[2m-[22m                            [2m | [22m [36m43.44 kB[39m[2m | [22m
[32mstyles.css[39m                      [2m | [22m[2mstyles[22m                       [2m | [22m [36m24.40 kB[39m[2m | [22m
[32mtest_main.js[39m                    [2m | [22m[2mtest_main[22m                    [2m | [22m [36m21.87 kB[39m[2m | [22m
[32mspec-quarterly-goals.spec.js[39m    [2m | [22m[2mspec-quarterly-goals.spec[22m    [2m | [22m [36m12.65 kB[39m[2m | [22m
[32mspec-weekly-goals.spec.js[39m       [2m | [22m[2mspec-weekly-goals.spec[22m       [2m | [22m [36m12.46 kB[39m[2m | [22m
[32mspec-yearly-goals.spec.js[39m       [2m | [22m[2mspec-yearly-goals.spec[22m       [2m | [22m [36m12.34 kB[39m[2m | [22m
[32mspec-daily-tasks.spec.js[39m        [2m | [22m[2mspec-daily-tasks.spec[22m        [2m | [22m [36m12.32 kB[39m[2m | [22m
[32mchunk-WDT67ZAV.js[39m               [2m | [22m[2m-[22m                            [2m | [22m [36m10.76 kB[39m[2m | [22m
[32mchunk-QL4AT7YR.js[39m               [2m | [22m[2m-[22m                            [2m | [22m [36m10.65 kB[39m[2m | [22m
[32mspec-tag-management.spec.js[39m     [2m | [22m[2mspec-tag-management.spec[22m     [2m | [22m [36m10.46 kB[39m[2m | [22m
[32mchunk-THTKISLR.js[39m               [2m | [22m[2m-[22m                            [2m | [22m [36m10.40 kB[39m[2m | [22m
[32mchunk-7KCFTTLF.js[39m               [2m | [22m[2m-[22m                            [2m | [22m [36m10.15 kB[39m[2m | [22m
[32mspec-period.service.spec.js[39m     [2m | [22m[2mspec-period.service.spec[22m     [2m | [22m  [36m9.75 kB[39m[2m | [22m
[32mspec-analysis.spec.js[39m           [2m | [22m[2mspec-analysis.spec[22m           [2m | [22m  [36m9.71 kB[39m[2m | [22m
[32mspec-login.component.spec.js[39m    [2m | [22m[2mspec-login.component.spec[22m    [2m | [22m  [36m9.08 kB[39m[2m | [22m
[32mchunk-3E7PMTN6.js[39m               [2m | [22m[2m-[22m                            [2m | [22m  [36m7.06 kB[39m[2m | [22m
[32mchunk-47YNRRTO.js[39m               [2m | [22m[2m-[22m                            [2m | [22m  [36m6.79 kB[39m[2m | [22m
[32mspec-mock-data.service.spec.js[39m  [2m | [22m[2mspec-mock-data.service.spec[22m  [2m | [22m  [36m6.37 kB[39m[2m | [22m
[32mchunk-NUSQXWSV.js[39m               [2m | [22m[2m-[22m                            [2m | [22m  [36m5.65 kB[39m[2m | [22m
[32mspec-auth.service.spec.js[39m       [2m | [22m[2mspec-auth.service.spec[22m       [2m | [22m  [36m4.47 kB[39m[2m | [22m
[32mspec-auth.guard.spec.js[39m         [2m | [22m[2mspec-auth.guard.spec[22m         [2m | [22m  [36m2.59 kB[39m[2m | [22m
[32mchunk-V6FC2DIM.js[39m               [2m | [22m[2m-[22m                            [2m | [22m  [36m2.42 kB[39m[2m | [22m
[32mchunk-ANIA3J25.js[39m               [2m | [22m[2m-[22m                            [2m | [22m  [36m2.27 kB[39m[2m | [22m
[32mspec-app.spec.js[39m                [2m | [22m[2mspec-app.spec[22m                [2m | [22m  [36m2.02 kB[39m[2m | [22m
[32mjasmine-cleanup-0.js[39m            [2m | [22m[2mjasmine-cleanup-0[22m            [2m | [22m[36m519 bytes[39m[2m | [22m

[1m [22m                               [2m | [22m[1mInitial total[22m                [2m | [22m  [1m4.63 MB[22m

Application bundle generation complete. [1.465 seconds] - 2026-02-15T20:58:00.945Z

[32m15 02 2026 13:58:01.015:INFO [karma-server]: [39mKarma v6.4.4 server started at http://localhost:9876/
[32m15 02 2026 13:58:01.015:INFO [launcher]: [39mLaunching browsers Chrome with concurrency unlimited
[32m15 02 2026 13:58:01.027:INFO [launcher]: [39mStarting browser Chrome
[32m15 02 2026 13:58:02.276:INFO [Chrome 144.0.0.0 (Windows 10)]: [39mConnected on socket 5lNcAyFWn4LFeJg-AAAB with id 18693561
Chrome 144.0.0.0 (Windows 10): Executed 0 of 405[32m SUCCESS[39m (0 secs / 0 secs)
[1A[2KChrome 144.0.0.0 (Windows 10): Executed 1 of 405[32m SUCCESS[39m (0 secs / 0.004 secs)
[1A[2KChrome 144.0.0.0 (Windows 10): Executed 2 of 405[32m SUCCESS[39m (0 secs / 0.005 secs)
[1A[2KChrome 144.0.0.0 (Windows 10): Executed 3 of 405[32m SUCCESS[39m (0 secs / 0.006 secs)
[1A[2KChrome 144.0.0.0 (Windows 10): Executed 4 of 405[32m SUCCESS[39m (0 secs / 0.006 secs)
[1A[2KChrome 144.0.0.0 (Windows 10): Executed 5 of 405[32m SUCCESS[39m (0 secs / 0.006 secs)
[1A[2KChrome 144.0.0.0 (Windows 10): Executed 6 of 405[32m SUCCESS[39m (0 secs / 0.007 secs)
[1A[2KChrome 144.0.0.0 (Windows 10): Executed 7 of 405[32m SUCCESS[39m (0 secs / 0.007 secs)
[1A[2KChrome 144.0.0.0 (Windows 10): Executed 8 of 405[32m SUCCESS[39m (0 secs / 0.008 secs)
[1A[2KChrome 144.0.0.0 (Windows 10): Executed 9 of 405[32m SUCCESS[39m (0 secs / 0.009 secs)
[1A[2KChrome 144.0.0.0 (Windows 10): Executed 10 of 405[32m SUCCESS[39m (0 secs / 0.009 secs)
[1A[2KChrome 144.0.0.0 (Windows 10): Executed 11 of 405[32m SUCCESS[39m (0 secs / 0.01 secs)
[1A[2KChrome 144.0.0.0 (Windows 10): Executed 12 of 405[32m SUCCESS[39m (0 secs / 0.011 secs)
[1A[2KChrome 144.0.0.0 (Windows 10): Executed 13 of 405[32m SUCCESS[39m (0 secs / 0.011 secs)
[1A[2KChrome 144.0.0.0 (Windows 10): Executed 14 of 405[32m SUCCESS[39m (0 secs / 0.012 secs)
[1A[2KChrome 144.0.0.0 (Windows 10): Executed 15 of 405[32m SUCCESS[39m (0 secs / 0.034 secs)
[1A[2KChrome 144.0.0.0 (Windows 10): Executed 16 of 405[32m SUCCESS[39m (0 secs / 0.037 secs)
[1A[2KChrome 144.0.0.0 (Windows 10): Executed 17 of 405[32m SUCCESS[39m (0 secs / 0.039 secs)
[1A[2KChrome 144.0.0.0 (Windows 10): Executed 18 of 405[32m SUCCESS[39m (0 secs / 0.041 secs)
[1A[2KChrome 144.0.0.0 (Windows 10): Executed 19 of 405[32m SUCCESS[39m (0 secs / 0.042 secs)
[1A[2KChrome 144.0.0.0 (Windows 10): Executed 20 of 405[32m SUCCESS[39m (0 secs / 0.043 secs)
[1A[2KChrome 144.0.0.0 (Windows 10): Executed 21 of 405[32m SUCCESS[39m (0 secs / 0.044 secs)
[1A[2KChrome 144.0.0.0 (Windows 10): Executed 22 of 405[32m SUCCESS[39m (0 secs / 0.045 secs)
[1A[2KChrome 144.0.0.0 (Windows 10): Executed 23 of 405[32m SUCCESS[39m (0 secs / 0.047 secs)
[1A[2KChrome 144.0.0.0 (Windows 10): Executed 24 of 405[32m SUCCESS[39m (0 secs / 0.048 secs)
[1A[2KChrome 144.0.0.0 (Windows 10): Executed 25 of 405[32m SUCCESS[39m (0 secs / 0.049 secs)
[1A[2KChrome 144.0.0.0 (Windows 10): Executed 26 of 405[32m SUCCESS[39m (0 secs / 0.05 secs)
[1A[2KChrome 144.0.0.0 (Windows 10): Executed 27 of 405[32m SUCCESS[39m (0 secs / 0.052 secs)
[1A[2KChrome 144.0.0.0 (Windows 10): Executed 28 of 405[32m SUCCESS[39m (0 secs / 0.057 secs)
[1A[2KChrome 144.0.0.0 (Windows 10): Executed 29 of 405[32m SUCCESS[39m (0 secs / 0.059 secs)
[1A[2KChrome 144.0.0.0 (Windows 10): Executed 30 of 405[32m SUCCESS[39m (0 secs / 0.061 secs)
[1A[2KChrome 144.0.0.0 (Windows 10): Executed 31 of 405[32m SUCCESS[39m (0 secs / 0.063 secs)
[1A[2KChrome 144.0.0.0 (Windows 10): Executed 32 of 405[32m SUCCESS[39m (0 secs / 0.064 secs)
[1A[2KChrome 144.0.0.0 (Windows 10): Executed 33 of 405[32m SUCCESS[39m (0 secs / 0.066 secs)
[1A[2KChrome 144.0.0.0 (Windows 10): Executed 34 of 405[32m SUCCESS[39m (0 secs / 0.068 secs)
[1A[2KChrome 144.0.0.0 (Windows 10): Executed 35 of 405[32m SUCCESS[39m (0 secs / 0.069 secs)
[1A[2KChrome 144.0.0.0 (Windows 10): Executed 36 of 405[32m SUCCESS[39m (0 secs / 0.071 secs)
[1A[2KChrome 144.0.0.0 (Windows 10): Executed 37 of 405[32m SUCCESS[39m (0 secs / 0.072 secs)
[1A[2KChrome 144.0.0.0 (Windows 10): Executed 38 of 405[32m SUCCESS[39m (0 secs / 0.073 secs)
[1A[2KChrome 144.0.0.0 (Windows 10): Executed 39 of 405[32m SUCCESS[39m (0 secs / 0.074 secs)
[1A[2KChrome 144.0.0.0 (Windows 10): Executed 40 of 405[32m SUCCESS[39m (0 secs / 0.076 secs)
[1A[2KChrome 144.0.0.0 (Windows 10): Executed 41 of 405[32m SUCCESS[39m (0 secs / 0.077 secs)
[1A[2KChrome 144.0.0.0 (Windows 10): Executed 42 of 405[32m SUCCESS[39m (0 secs / 0.078 secs)
[1A[2KChrome 144.0.0.0 (Windows 10): Executed 43 of 405[32m SUCCESS[39m (0 secs / 0.079 secs)
[1A[2KChrome 144.0.0.0 (Windows 10): Executed 44 of 405[32m SUCCESS[39m (0 secs / 0.08 secs)
[1A[2KChrome 144.0.0.0 (Windows 10): Executed 45 of 405[32m SUCCESS[39m (0 secs / 0.081 secs)
[1A[2KChrome 144.0.0.0 (Windows 10): Executed 46 of 405[32m SUCCESS[39m (0 secs / 0.082 secs)
[1A[2KChrome 144.0.0.0 (Windows 10): Executed 47 of 405[32m SUCCESS[39m (0 secs / 0.083 secs)
[1A[2KChrome 144.0.0.0 (Windows 10): Executed 48 of 405[32m SUCCESS[39m (0 secs / 0.084 secs)
[1A[2KChrome 144.0.0.0 (Windows 10): Executed 49 of 405[32m SUCCESS[39m (0 secs / 0.086 secs)
[1A[2KChrome 144.0.0.0 (Windows 10): Executed 50 of 405[32m SUCCESS[39m (0 secs / 0.088 secs)
[1A[2KChrome 144.0.0.0 (Windows 10): Executed 51 of 405[32m SUCCESS[39m (0 secs / 0.089 secs)
[1A[2KChrome 144.0.0.0 (Windows 10): Executed 52 of 405[32m SUCCESS[39m (0 secs / 0.09 secs)
[1A[2KChrome 144.0.0.0 (Windows 10): Executed 53 of 405[32m SUCCESS[39m (0 secs / 0.15 secs)
[1A[2KChrome 144.0.0.0 (Windows 10): Executed 54 of 405[32m SUCCESS[39m (0 secs / 0.154 secs)
[1A[2KChrome 144.0.0.0 (Windows 10): Executed 55 of 405[32m SUCCESS[39m (0 secs / 0.159 secs)
[1A[2KChrome 144.0.0.0 (Windows 10): Executed 56 of 405[32m SUCCESS[39m (0 secs / 0.164 secs)
[1A[2KChrome 144.0.0.0 (Windows 10): Executed 57 of 405[32m SUCCESS[39m (0 secs / 0.168 secs)
[1A[2KChrome 144.0.0.0 (Windows 10): Executed 58 of 405[32m SUCCESS[39m (0 secs / 0.172 secs)
[1A[2KChrome 144.0.0.0 (Windows 10): Executed 59 of 405[32m SUCCESS[39m (0 secs / 0.177 secs)
[1A[2KChrome 144.0.0.0 (Windows 10): Executed 60 of 405[32m SUCCESS[39m (0 secs / 0.181 secs)
[1A[2KChrome 144.0.0.0 (Windows 10): Executed 61 of 405[32m SUCCESS[39m (0 secs / 0.184 secs)
[1A[2KChrome 144.0.0.0 (Windows 10): Executed 62 of 405[32m SUCCESS[39m (0 secs / 0.187 secs)
[1A[2KChrome 144.0.0.0 (Windows 10): Executed 63 of 405[32m SUCCESS[39m (0 secs / 0.19 secs)
[1A[2KChrome 144.0.0.0 (Windows 10): Executed 64 of 405[32m SUCCESS[39m (0 secs / 0.192 secs)
[1A[2KChrome 144.0.0.0 (Windows 10): Executed 65 of 405[32m SUCCESS[39m (0 secs / 0.195 secs)
[1A[2KChrome 144.0.0.0 (Windows 10): Executed 66 of 405[32m SUCCESS[39m (0 secs / 0.198 secs)
[1A[2KChrome 144.0.0.0 (Windows 10): Executed 67 of 405[32m SUCCESS[39m (0 secs / 0.201 secs)
[1A[2KChrome 144.0.0.0 (Windows 10): Executed 68 of 405[32m SUCCESS[39m (0 secs / 0.204 secs)
[1A[2KChrome 144.0.0.0 (Windows 10): Executed 69 of 405[32m SUCCESS[39m (0 secs / 0.206 secs)
[1A[2KChrome 144.0.0.0 (Windows 10): Executed 70 of 405[32m SUCCESS[39m (0 secs / 0.209 secs)
[1A[2KChrome 144.0.0.0 (Windows 10): Executed 71 of 405[32m SUCCESS[39m (0 secs / 0.211 secs)
[1A[2KChrome 144.0.0.0 (Windows 10): Executed 72 of 405[32m SUCCESS[39m (0 secs / 0.214 secs)
[1A[2KChrome 144.0.0.0 (Windows 10): Executed 73 of 405[32m SUCCESS[39m (0 secs / 0.217 secs)
[1A[2KChrome 144.0.0.0 (Windows 10): Executed 74 of 405[32m SUCCESS[39m (0 secs / 0.22 secs)
[1A[2KChrome 144.0.0.0 (Windows 10): Executed 75 of 405[32m SUCCESS[39m (0 secs / 0.226 secs)
[1A[2K[31mChrome 144.0.0.0 (Windows 10) DashboardComponent Time Navigation jumpToToday should reset all offsets to 0 FAILED[39m
	Expected 1 to be 0.
	    at <Jasmine>
	    at UserContext.<anonymous> (src/app/components/dashboard/dashboard.component.spec.ts:500:49)
	    at _ZoneDelegate.invoke (node_modules/zone.js/fesm2015/zone.js:398:28)
	    at _ProxyZoneSpec.onInvoke (node_modules/zone.js/fesm2015/zone-testing.js:2132:39)
	    at _ZoneDelegate.invoke (node_modules/zone.js/fesm2015/zone.js:397:34)
	Expected 1 to be 0.
	    at <Jasmine>
	    at UserContext.<anonymous> (src/app/components/dashboard/dashboard.component.spec.ts:501:46)
	    at _ZoneDelegate.invoke (node_modules/zone.js/fesm2015/zone.js:398:28)
	    at _ProxyZoneSpec.onInvoke (node_modules/zone.js/fesm2015/zone-testing.js:2132:39)
	    at _ZoneDelegate.invoke (node_modules/zone.js/fesm2015/zone.js:397:34)
Chrome 144.0.0.0 (Windows 10): Executed 76 of 405[31m (1 FAILED)[39m (0 secs / 0.23 secs)
[1A[2KChrome 144.0.0.0 (Windows 10): Executed 77 of 405[31m (1 FAILED)[39m (0 secs / 0.234 secs)
[1A[2KChrome 144.0.0.0 (Windows 10): Executed 78 of 405[31m (1 FAILED)[39m (0 secs / 0.237 secs)
[1A[2KChrome 144.0.0.0 (Windows 10): Executed 79 of 405[31m (1 FAILED)[39m (0 secs / 0.239 secs)
[1A[2KChrome 144.0.0.0 (Windows 10): Executed 80 of 405[31m (1 FAILED)[39m (0 secs / 0.241 secs)
[1A[2KChrome 144.0.0.0 (Windows 10): Executed 81 of 405[31m (1 FAILED)[39m (0 secs / 0.243 secs)
[1A[2KChrome 144.0.0.0 (Windows 10): Executed 82 of 405[31m (1 FAILED)[39m (0 secs / 0.246 secs)
[1A[2KChrome 144.0.0.0 (Windows 10): Executed 83 of 405[31m (1 FAILED)[39m (0 secs / 0.248 secs)
[1A[2KChrome 144.0.0.0 (Windows 10): Executed 84 of 405[31m (1 FAILED)[39m (0 secs / 0.251 secs)
[1A[2KChrome 144.0.0.0 (Windows 10): Executed 85 of 405[31m (1 FAILED)[39m (0 secs / 0.254 secs)
[1A[2KChrome 144.0.0.0 (Windows 10): Executed 86 of 405[31m (1 FAILED)[39m (0 secs / 0.257 secs)
[1A[2KChrome 144.0.0.0 (Windows 10): Executed 87 of 405[31m (1 FAILED)[39m (0 secs / 0.26 secs)
[1A[2KChrome 144.0.0.0 (Windows 10): Executed 88 of 405[31m (1 FAILED)[39m (0 secs / 0.263 secs)
[1A[2KChrome 144.0.0.0 (Windows 10): Executed 89 of 405[31m (1 FAILED)[39m (0 secs / 0.265 secs)
[1A[2KChrome 144.0.0.0 (Windows 10): Executed 90 of 405[31m (1 FAILED)[39m (0 secs / 0.268 secs)
[1A[2KChrome 144.0.0.0 (Windows 10): Executed 91 of 405[31m (1 FAILED)[39m (0 secs / 0.271 secs)
[1A[2KChrome 144.0.0.0 (Windows 10): Executed 92 of 405[31m (1 FAILED)[39m (0 secs / 0.274 secs)
[1A[2KChrome 144.0.0.0 (Windows 10): Executed 93 of 405[31m (1 FAILED)[39m (0 secs / 0.276 secs)
[1A[2KChrome 144.0.0.0 (Windows 10): Executed 94 of 405[31m (1 FAILED)[39m (0 secs / 0.278 secs)
[1A[2KChrome 144.0.0.0 (Windows 10): Executed 95 of 405[31m (1 FAILED)[39m (0 secs / 0.281 secs)
[1A[2KChrome 144.0.0.0 (Windows 10): Executed 96 of 405[31m (1 FAILED)[39m (0 secs / 0.284 secs)
[1A[2KChrome 144.0.0.0 (Windows 10): Executed 97 of 405[31m (1 FAILED)[39m (0 secs / 0.287 secs)
[1A[2KChrome 144.0.0.0 (Windows 10): Executed 98 of 405[31m (1 FAILED)[39m (0 secs / 0.289 secs)
[1A[2KChrome 144.0.0.0 (Windows 10): Executed 99 of 405[31m (1 FAILED)[39m (0 secs / 0.291 secs)
[1A[2KChrome 144.0.0.0 (Windows 10): Executed 100 of 405[31m (1 FAILED)[39m (0 secs / 0.293 secs)
[1A[2KChrome 144.0.0.0 (Windows 10): Executed 101 of 405[31m (1 FAILED)[39m (0 secs / 0.295 secs)
[1A[2KChrome 144.0.0.0 (Windows 10): Executed 102 of 405[31m (1 FAILED)[39m (0 secs / 0.297 secs)
[1A[2KChrome 144.0.0.0 (Windows 10): Executed 103 of 405[31m (1 FAILED)[39m (0 secs / 0.299 secs)
[1A[2KChrome 144.0.0.0 (Windows 10): Executed 104 of 405[31m (1 FAILED)[39m (0 secs / 0.301 secs)
[1A[2KChrome 144.0.0.0 (Windows 10): Executed 105 of 405[31m (1 FAILED)[39m (0 secs / 0.304 secs)
[1A[2KChrome 144.0.0.0 (Windows 10): Executed 106 of 405[31m (1 FAILED)[39m (0 secs / 0.306 secs)
[1A[2KChrome 144.0.0.0 (Windows 10): Executed 107 of 405[31m (1 FAILED)[39m (0 secs / 0.308 secs)
[1A[2KChrome 144.0.0.0 (Windows 10): Executed 108 of 405[31m (1 FAILED)[39m (0 secs / 0.311 secs)
[1A[2KChrome 144.0.0.0 (Windows 10): Executed 109 of 405[31m (1 FAILED)[39m (0 secs / 0.314 secs)
[1A[2KChrome 144.0.0.0 (Windows 10): Executed 110 of 405[31m (1 FAILED)[39m (0 secs / 0.317 secs)
[1A[2KChrome 144.0.0.0 (Windows 10): Executed 111 of 405[31m (1 FAILED)[39m (0 secs / 0.319 secs)
[1A[2KChrome 144.0.0.0 (Windows 10): Executed 112 of 405[31m (1 FAILED)[39m (0 secs / 0.322 secs)
[1A[2KChrome 144.0.0.0 (Windows 10): Executed 113 of 405[31m (1 FAILED)[39m (0 secs / 0.324 secs)
[1A[2KChrome 144.0.0.0 (Windows 10): Executed 114 of 405[31m (1 FAILED)[39m (0 secs / 0.33 secs)
[1A[2KChrome 144.0.0.0 (Windows 10): Executed 115 of 405[31m (1 FAILED)[39m (0 secs / 0.333 secs)
[1A[2KChrome 144.0.0.0 (Windows 10): Executed 116 of 405[31m (1 FAILED)[39m (0 secs / 0.335 secs)
[1A[2KChrome 144.0.0.0 (Windows 10): Executed 117 of 405[31m (1 FAILED)[39m (0 secs / 0.338 secs)
[1A[2KChrome 144.0.0.0 (Windows 10): Executed 118 of 405[31m (1 FAILED)[39m (0 secs / 0.341 secs)
[1A[2KChrome 144.0.0.0 (Windows 10): Executed 119 of 405[31m (1 FAILED)[39m (0 secs / 0.344 secs)
[1A[2KChrome 144.0.0.0 (Windows 10): Executed 120 of 405[31m (1 FAILED)[39m (0 secs / 0.347 secs)
[1A[2KChrome 144.0.0.0 (Windows 10): Executed 121 of 405[31m (1 FAILED)[39m (0 secs / 0.349 secs)
[1A[2KChrome 144.0.0.0 (Windows 10): Executed 122 of 405[31m (1 FAILED)[39m (0 secs / 0.351 secs)
[1A[2KChrome 144.0.0.0 (Windows 10): Executed 123 of 405[31m (1 FAILED)[39m (0 secs / 0.353 secs)
[1A[2KChrome 144.0.0.0 (Windows 10): Executed 124 of 405[31m (1 FAILED)[39m (0 secs / 0.355 secs)
[1A[2KChrome 144.0.0.0 (Windows 10): Executed 125 of 405[31m (1 FAILED)[39m (0 secs / 0.357 secs)
[1A[2KChrome 144.0.0.0 (Windows 10): Executed 126 of 405[31m (1 FAILED)[39m (0 secs / 0.359 secs)
[1A[2KChrome 144.0.0.0 (Windows 10): Executed 127 of 405[31m (1 FAILED)[39m (0 secs / 0.361 secs)
[1A[2KChrome 144.0.0.0 (Windows 10): Executed 128 of 405[31m (1 FAILED)[39m (0 secs / 0.362 secs)
[1A[2KChrome 144.0.0.0 (Windows 10): Executed 129 of 405[31m (1 FAILED)[39m (0 secs / 0.363 secs)
[1A[2KChrome 144.0.0.0 (Windows 10): Executed 130 of 405[31m (1 FAILED)[39m (0 secs / 0.364 secs)
[1A[2KChrome 144.0.0.0 (Windows 10): Executed 131 of 405[31m (1 FAILED)[39m (0 secs / 0.364 secs)
[1A[2KChrome 144.0.0.0 (Windows 10): Executed 132 of 405[31m (1 FAILED)[39m (0 secs / 0.364 secs)
[1A[2KChrome 144.0.0.0 (Windows 10): Executed 133 of 405[31m (1 FAILED)[39m (0 secs / 0.366 secs)
[1A[2KChrome 144.0.0.0 (Windows 10): Executed 134 of 405[31m (1 FAILED)[39m (0 secs / 0.367 secs)
[1A[2KChrome 144.0.0.0 (Windows 10): Executed 135 of 405[31m (1 FAILED)[39m (0 secs / 0.367 secs)
[1A[2KChrome 144.0.0.0 (Windows 10): Executed 136 of 405[31m (1 FAILED)[39m (0 secs / 0.368 secs)
[1A[2KChrome 144.0.0.0 (Windows 10): Executed 137 of 405[31m (1 FAILED)[39m (0 secs / 0.369 secs)
[1A[2KChrome 144.0.0.0 (Windows 10): Executed 138 of 405[31m (1 FAILED)[39m (0 secs / 0.369 secs)
[1A[2KChrome 144.0.0.0 (Windows 10): Executed 139 of 405[31m (1 FAILED)[39m (0 secs / 0.37 secs)
[1A[2KChrome 144.0.0.0 (Windows 10): Executed 140 of 405[31m (1 FAILED)[39m (0 secs / 0.371 secs)
[1A[2KChrome 144.0.0.0 (Windows 10): Executed 141 of 405[31m (1 FAILED)[39m (0 secs / 0.372 secs)
[1A[2KChrome 144.0.0.0 (Windows 10): Executed 142 of 405[31m (1 FAILED)[39m (0 secs / 0.372 secs)
[1A[2KChrome 144.0.0.0 (Windows 10): Executed 143 of 405[31m (1 FAILED)[39m (0 secs / 0.373 secs)
[1A[2KChrome 144.0.0.0 (Windows 10): Executed 144 of 405[31m (1 FAILED)[39m (0 secs / 0.373 secs)
[1A[2KChrome 144.0.0.0 (Windows 10): Executed 145 of 405[31m (1 FAILED)[39m (0 secs / 0.373 secs)
[1A[2KChrome 144.0.0.0 (Windows 10): Executed 146 of 405[31m (1 FAILED)[39m (0 secs / 0.375 secs)
[1A[2KChrome 144.0.0.0 (Windows 10): Executed 147 of 405[31m (1 FAILED)[39m (0 secs / 0.376 secs)
[1A[2KChrome 144.0.0.0 (Windows 10): Executed 148 of 405[31m (1 FAILED)[39m (0 secs / 0.376 secs)
[1A[2KChrome 144.0.0.0 (Windows 10): Executed 149 of 405[31m (1 FAILED)[39m (0 secs / 0.377 secs)
[1A[2KChrome 144.0.0.0 (Windows 10): Executed 150 of 405[31m (1 FAILED)[39m (0 secs / 0.378 secs)
[1A[2KChrome 144.0.0.0 (Windows 10): Executed 151 of 405[31m (1 FAILED)[39m (0 secs / 0.379 secs)
[1A[2KChrome 144.0.0.0 (Windows 10): Executed 152 of 405[31m (1 FAILED)[39m (0 secs / 0.379 secs)
[1A[2KChrome 144.0.0.0 (Windows 10): Executed 153 of 405[31m (1 FAILED)[39m (0 secs / 0.379 secs)
[1A[2KChrome 144.0.0.0 (Windows 10): Executed 154 of 405[31m (1 FAILED)[39m (0 secs / 0.38 secs)
[1A[2KChrome 144.0.0.0 (Windows 10): Executed 155 of 405[31m (1 FAILED)[39m (0 secs / 0.38 secs)
[1A[2KChrome 144.0.0.0 (Windows 10): Executed 156 of 405[31m (1 FAILED)[39m (0 secs / 0.381 secs)
[1A[2KChrome 144.0.0.0 (Windows 10): Executed 157 of 405[31m (1 FAILED)[39m (0 secs / 0.382 secs)
[1A[2KChrome 144.0.0.0 (Windows 10): Executed 158 of 405[31m (1 FAILED)[39m (0 secs / 0.383 secs)
[1A[2KChrome 144.0.0.0 (Windows 10): Executed 159 of 405[31m (1 FAILED)[39m (0 secs / 0.384 secs)
[1A[2KChrome 144.0.0.0 (Windows 10): Executed 160 of 405[31m (1 FAILED)[39m (0 secs / 0.385 secs)
[1A[2KChrome 144.0.0.0 (Windows 10): Executed 161 of 405[31m (1 FAILED)[39m (0 secs / 0.386 secs)
[1A[2KChrome 144.0.0.0 (Windows 10): Executed 162 of 405[31m (1 FAILED)[39m (0 secs / 0.386 secs)
[1A[2KChrome 144.0.0.0 (Windows 10): Executed 163 of 405[31m (1 FAILED)[39m (0 secs / 0.387 secs)
[1A[2KChrome 144.0.0.0 (Windows 10): Executed 164 of 405[31m (1 FAILED)[39m (0 secs / 0.387 secs)
[1A[2KChrome 144.0.0.0 (Windows 10): Executed 165 of 405[31m (1 FAILED)[39m (0 secs / 0.388 secs)
[1A[2KChrome 144.0.0.0 (Windows 10): Executed 166 of 405[31m (1 FAILED)[39m (0 secs / 0.389 secs)
[1A[2KChrome 144.0.0.0 (Windows 10): Executed 167 of 405[31m (1 FAILED)[39m (0 secs / 0.389 secs)
[1A[2KChrome 144.0.0.0 (Windows 10): Executed 168 of 405[31m (1 FAILED)[39m (0 secs / 0.39 secs)
[1A[2KChrome 144.0.0.0 (Windows 10): Executed 169 of 405[31m (1 FAILED)[39m (0 secs / 0.391 secs)
[1A[2KChrome 144.0.0.0 (Windows 10): Executed 170 of 405[31m (1 FAILED)[39m (0 secs / 0.391 secs)
[1A[2KChrome 144.0.0.0 (Windows 10): Executed 171 of 405[31m (1 FAILED)[39m (0 secs / 0.391 secs)
[1A[2K[31mChrome 144.0.0.0 (Windows 10) MockDataService migrateLegacyData should assign current quarter to goals when scope is quarter FAILED[39m
	Expected undefined to be '2026-Q1'.
	    at <Jasmine>
	    at UserContext.<anonymous> (src/app/services/mock-data.service.spec.ts:92:34)
	    at _ZoneDelegate.invoke (node_modules/zone.js/fesm2015/zone.js:398:28)
	    at _ProxyZoneSpec.onInvoke (node_modules/zone.js/fesm2015/zone-testing.js:2132:39)
	    at _ZoneDelegate.invoke (node_modules/zone.js/fesm2015/zone.js:397:34)
	Expected undefined to be 'quarter'.
	    at <Jasmine>
	    at UserContext.<anonymous> (src/app/services/mock-data.service.spec.ts:93:30)
	    at _ZoneDelegate.invoke (node_modules/zone.js/fesm2015/zone.js:398:28)
	    at _ProxyZoneSpec.onInvoke (node_modules/zone.js/fesm2015/zone-testing.js:2132:39)
	    at _ZoneDelegate.invoke (node_modules/zone.js/fesm2015/zone.js:397:34)
Chrome 144.0.0.0 (Windows 10): Executed 172 of 405[31m (2 FAILED)[39m (0 secs / 0.391 secs)
[1A[2K[31mChrome 144.0.0.0 (Windows 10) MockDataService migrateLegacyData should assign current week to goals without periodKey FAILED[39m
	Expected undefined to be '2026-W07'.
	    at <Jasmine>
	    at UserContext.<anonymous> (src/app/services/mock-data.service.spec.ts:72:34)
	    at _ZoneDelegate.invoke (node_modules/zone.js/fesm2015/zone.js:398:28)
	    at _ProxyZoneSpec.onInvoke (node_modules/zone.js/fesm2015/zone-testing.js:2132:39)
	    at _ZoneDelegate.invoke (node_modules/zone.js/fesm2015/zone.js:397:34)
	Expected undefined to be 'week'.
	    at <Jasmine>
	    at UserContext.<anonymous> (src/app/services/mock-data.service.spec.ts:73:30)
	    at _ZoneDelegate.invoke (node_modules/zone.js/fesm2015/zone.js:398:28)
	    at _ProxyZoneSpec.onInvoke (node_modules/zone.js/fesm2015/zone-testing.js:2132:39)
	    at _ZoneDelegate.invoke (node_modules/zone.js/fesm2015/zone.js:397:34)
Chrome 144.0.0.0 (Windows 10): Executed 173 of 405[31m (3 FAILED)[39m (0 secs / 0.392 secs)
[1A[2KChrome 144.0.0.0 (Windows 10): Executed 174 of 405[31m (3 FAILED)[39m (0 secs / 0.392 secs)
[1A[2KChrome 144.0.0.0 (Windows 10): Executed 175 of 405[31m (3 FAILED)[39m (0 secs / 0.393 secs)
[1A[2KChrome 144.0.0.0 (Windows 10): Executed 176 of 405[31m (3 FAILED)[39m (0 secs / 0.393 secs)
[1A[2KChrome 144.0.0.0 (Windows 10): Executed 177 of 405[31m (3 FAILED)[39m (0 secs / 0.393 secs)
[1A[2KChrome 144.0.0.0 (Windows 10): Executed 178 of 405[31m (3 FAILED)[39m (0 secs / 0.393 secs)
[1A[2KChrome 144.0.0.0 (Windows 10): Executed 179 of 405[31m (3 FAILED)[39m (0 secs / 0.393 secs)
[1A[2KChrome 144.0.0.0 (Windows 10): Executed 180 of 405[31m (3 FAILED)[39m (0 secs / 0.393 secs)
[1A[2KChrome 144.0.0.0 (Windows 10): Executed 181 of 405[31m (3 FAILED)[39m (0 secs / 0.394 secs)
[1A[2KChrome 144.0.0.0 (Windows 10): Executed 182 of 405[31m (3 FAILED)[39m (0 secs / 0.394 secs)
[1A[2KChrome 144.0.0.0 (Windows 10): Executed 183 of 405[31m (3 FAILED)[39m (0 secs / 0.395 secs)
[1A[2KChrome 144.0.0.0 (Windows 10): Executed 184 of 405[31m (3 FAILED)[39m (0 secs / 0.395 secs)
[1A[2KChrome 144.0.0.0 (Windows 10): Executed 185 of 405[31m (3 FAILED)[39m (0 secs / 0.396 secs)
[1A[2KChrome 144.0.0.0 (Windows 10): Executed 186 of 405[31m (3 FAILED)[39m (0 secs / 0.396 secs)
[1A[2K[31mChrome 144.0.0.0 (Windows 10) MockDataService generateHistoricalData should generate goals with different scopes FAILED[39m
	Expected 0 to be greater than 0.
	    at <Jasmine>
	    at UserContext.<anonymous> (src/app/services/mock-data.service.spec.ts:141:35)
	    at _ZoneDelegate.invoke (node_modules/zone.js/fesm2015/zone.js:398:28)
	    at _ProxyZoneSpec.onInvoke (node_modules/zone.js/fesm2015/zone-testing.js:2132:39)
	    at _ZoneDelegate.invoke (node_modules/zone.js/fesm2015/zone.js:397:34)
	Expected 0 to be greater than 0.
	    at <Jasmine>
	    at UserContext.<anonymous> (src/app/services/mock-data.service.spec.ts:142:32)
	    at _ZoneDelegate.invoke (node_modules/zone.js/fesm2015/zone.js:398:28)
	    at _ProxyZoneSpec.onInvoke (node_modules/zone.js/fesm2015/zone-testing.js:2132:39)
	    at _ZoneDelegate.invoke (node_modules/zone.js/fesm2015/zone.js:397:34)
Chrome 144.0.0.0 (Windows 10): Executed 187 of 405[31m (4 FAILED)[39m (0 secs / 0.397 secs)
[1A[2KChrome 144.0.0.0 (Windows 10): Executed 188 of 405[31m (4 FAILED)[39m (0 secs / 0.406 secs)
[1A[2KChrome 144.0.0.0 (Windows 10): Executed 189 of 405[31m (4 FAILED)[39m (0 secs / 0.408 secs)
[1A[2KChrome 144.0.0.0 (Windows 10): Executed 190 of 405[31m (4 FAILED)[39m (0 secs / 0.409 secs)
[1A[2KChrome 144.0.0.0 (Windows 10): Executed 191 of 405[31m (4 FAILED)[39m (0 secs / 0.41 secs)
[1A[2KChrome 144.0.0.0 (Windows 10): Executed 192 of 405[31m (4 FAILED)[39m (0 secs / 0.411 secs)
[1A[2KChrome 144.0.0.0 (Windows 10): Executed 193 of 405[31m (4 FAILED)[39m (0 secs / 0.412 secs)
[1A[2KChrome 144.0.0.0 (Windows 10): Executed 194 of 405[31m (4 FAILED)[39m (0 secs / 0.413 secs)
[1A[2KChrome 144.0.0.0 (Windows 10): Executed 195 of 405[31m (4 FAILED)[39m (0 secs / 0.414 secs)
[1A[2KChrome 144.0.0.0 (Windows 10): Executed 196 of 405[31m (4 FAILED)[39m (0 secs / 0.415 secs)
[1A[2KChrome 144.0.0.0 (Windows 10): Executed 197 of 405[31m (4 FAILED)[39m (0 secs / 0.416 secs)
[1A[2KChrome 144.0.0.0 (Windows 10): Executed 198 of 405[31m (4 FAILED)[39m (0 secs / 0.417 secs)
[1A[2KChrome 144.0.0.0 (Windows 10): Executed 199 of 405[31m (4 FAILED)[39m (0 secs / 0.418 secs)
[1A[2KChrome 144.0.0.0 (Windows 10): Executed 200 of 405[31m (4 FAILED)[39m (0 secs / 0.42 secs)
[1A[2KChrome 144.0.0.0 (Windows 10): Executed 201 of 405[31m (4 FAILED)[39m (0 secs / 0.421 secs)
[1A[2KChrome 144.0.0.0 (Windows 10): Executed 202 of 405[31m (4 FAILED)[39m (0 secs / 0.422 secs)
[1A[2KChrome 144.0.0.0 (Windows 10): Executed 203 of 405[31m (4 FAILED)[39m (0 secs / 0.423 secs)
[1A[2KChrome 144.0.0.0 (Windows 10): Executed 204 of 405[31m (4 FAILED)[39m (0 secs / 0.424 secs)
[1A[2KChrome 144.0.0.0 (Windows 10): Executed 205 of 405[31m (4 FAILED)[39m (0 secs / 0.425 secs)
[1A[2KChrome 144.0.0.0 (Windows 10): Executed 206 of 405[31m (4 FAILED)[39m (0 secs / 0.427 secs)
[1A[2KChrome 144.0.0.0 (Windows 10): Executed 207 of 405[31m (4 FAILED)[39m (0 secs / 0.428 secs)
[1A[2KChrome 144.0.0.0 (Windows 10): Executed 208 of 405[31m (4 FAILED)[39m (0 secs / 0.429 secs)
[1A[2KChrome 144.0.0.0 (Windows 10): Executed 209 of 405[31m (4 FAILED)[39m (0 secs / 0.43 secs)
[1A[2KChrome 144.0.0.0 (Windows 10): Executed 210 of 405[31m (4 FAILED)[39m (0 secs / 0.431 secs)
[1A[2KChrome 144.0.0.0 (Windows 10): Executed 211 of 405[31m (4 FAILED)[39m (0 secs / 0.432 secs)
[1A[2KChrome 144.0.0.0 (Windows 10): Executed 212 of 405[31m (4 FAILED)[39m (0 secs / 0.433 secs)
[1A[2KChrome 144.0.0.0 (Windows 10): Executed 213 of 405[31m (4 FAILED)[39m (0 secs / 0.434 secs)
[1A[2KChrome 144.0.0.0 (Windows 10): Executed 214 of 405[31m (4 FAILED)[39m (0 secs / 0.435 secs)
[1A[2KChrome 144.0.0.0 (Windows 10): Executed 215 of 405[31m (4 FAILED)[39m (0 secs / 0.436 secs)
[1A[2KChrome 144.0.0.0 (Windows 10): Executed 216 of 405[31m (4 FAILED)[39m (0 secs / 0.437 secs)
[1A[2KChrome 144.0.0.0 (Windows 10): Executed 217 of 405[31m (4 FAILED)[39m (0 secs / 0.438 secs)
[1A[2KChrome 144.0.0.0 (Windows 10): Executed 218 of 405[31m (4 FAILED)[39m (0 secs / 0.438 secs)
[1A[2KChrome 144.0.0.0 (Windows 10): Executed 219 of 405[31m (4 FAILED)[39m (0 secs / 0.439 secs)
[1A[2KChrome 144.0.0.0 (Windows 10): Executed 220 of 405[31m (4 FAILED)[39m (0 secs / 0.44 secs)
[1A[2KChrome 144.0.0.0 (Windows 10): Executed 221 of 405[31m (4 FAILED)[39m (0 secs / 0.441 secs)
[1A[2KChrome 144.0.0.0 (Windows 10): Executed 222 of 405[31m (4 FAILED)[39m (0 secs / 0.442 secs)
[1A[2KChrome 144.0.0.0 (Windows 10): Executed 223 of 405[31m (4 FAILED)[39m (0 secs / 0.443 secs)
[1A[2KChrome 144.0.0.0 (Windows 10): Executed 224 of 405[31m (4 FAILED)[39m (0 secs / 0.444 secs)
[1A[2KChrome 144.0.0.0 (Windows 10): Executed 225 of 405[31m (4 FAILED)[39m (0 secs / 0.444 secs)
[1A[2KChrome 144.0.0.0 (Windows 10): Executed 226 of 405[31m (4 FAILED)[39m (0 secs / 0.445 secs)
[1A[2KChrome 144.0.0.0 (Windows 10): Executed 227 of 405[31m (4 FAILED)[39m (0 secs / 0.446 secs)
[1A[2KChrome 144.0.0.0 (Windows 10): Executed 228 of 405[31m (4 FAILED)[39m (0 secs / 0.447 secs)
[1A[2KChrome 144.0.0.0 (Windows 10): Executed 229 of 405[31m (4 FAILED)[39m (0 secs / 0.448 secs)
[1A[2KChrome 144.0.0.0 (Windows 10): Executed 230 of 405[31m (4 FAILED)[39m (0 secs / 0.449 secs)
[1A[2KChrome 144.0.0.0 (Windows 10): Executed 231 of 405[31m (4 FAILED)[39m (0 secs / 0.45 secs)
[1A[2KChrome 144.0.0.0 (Windows 10): Executed 232 of 405[31m (4 FAILED)[39m (0 secs / 0.451 secs)
[1A[2KChrome 144.0.0.0 (Windows 10): Executed 233 of 405[31m (4 FAILED)[39m (0 secs / 0.452 secs)
[1A[2KChrome 144.0.0.0 (Windows 10): Executed 234 of 405[31m (4 FAILED)[39m (0 secs / 0.453 secs)
[1A[2KChrome 144.0.0.0 (Windows 10): Executed 235 of 405[31m (4 FAILED)[39m (0 secs / 0.455 secs)
[1A[2KChrome 144.0.0.0 (Windows 10): Executed 236 of 405[31m (4 FAILED)[39m (0 secs / 0.456 secs)
[1A[2KChrome 144.0.0.0 (Windows 10): Executed 237 of 405[31m (4 FAILED)[39m (0 secs / 0.457 secs)
[1A[2KChrome 144.0.0.0 (Windows 10): Executed 238 of 405[31m (4 FAILED)[39m (0 secs / 0.458 secs)
[1A[2KChrome 144.0.0.0 (Windows 10): Executed 239 of 405[31m (4 FAILED)[39m (0 secs / 0.459 secs)
[1A[2KChrome 144.0.0.0 (Windows 10): Executed 240 of 405[31m (4 FAILED)[39m (0 secs / 0.46 secs)
[1A[2KChrome 144.0.0.0 (Windows 10): Executed 241 of 405[31m (4 FAILED)[39m (0 secs / 0.461 secs)
[1A[2KChrome 144.0.0.0 (Windows 10): Executed 242 of 405[31m (4 FAILED)[39m (0 secs / 0.462 secs)
[1A[2KChrome 144.0.0.0 (Windows 10): Executed 243 of 405[31m (4 FAILED)[39m (0 secs / 0.462 secs)
[1A[2KChrome 144.0.0.0 (Windows 10): Executed 244 of 405[31m (4 FAILED)[39m (0 secs / 0.462 secs)
[1A[2KChrome 144.0.0.0 (Windows 10): Executed 245 of 405[31m (4 FAILED)[39m (0 secs / 0.463 secs)
[1A[2KChrome 144.0.0.0 (Windows 10): Executed 246 of 405[31m (4 FAILED)[39m (0 secs / 0.464 secs)
[1A[2KChrome 144.0.0.0 (Windows 10): Executed 247 of 405[31m (4 FAILED)[39m (0 secs / 0.465 secs)
[1A[2KChrome 144.0.0.0 (Windows 10): Executed 248 of 405[31m (4 FAILED)[39m (0 secs / 0.465 secs)
[1A[2KChrome 144.0.0.0 (Windows 10): Executed 249 of 405[31m (4 FAILED)[39m (0 secs / 0.466 secs)
[1A[2KChrome 144.0.0.0 (Windows 10): Executed 250 of 405[31m (4 FAILED)[39m (0 secs / 0.467 secs)
[1A[2KChrome 144.0.0.0 (Windows 10): Executed 251 of 405[31m (4 FAILED)[39m (0 secs / 0.468 secs)
[1A[2KChrome 144.0.0.0 (Windows 10): Executed 252 of 405[31m (4 FAILED)[39m (0 secs / 0.468 secs)
[1A[2KChrome 144.0.0.0 (Windows 10): Executed 253 of 405[31m (4 FAILED)[39m (0 secs / 0.469 secs)
[1A[2KChrome 144.0.0.0 (Windows 10): Executed 254 of 405[31m (4 FAILED)[39m (0 secs / 0.469 secs)
[1A[2KChrome 144.0.0.0 (Windows 10): Executed 255 of 405[31m (4 FAILED)[39m (0 secs / 0.47 secs)
[1A[2KChrome 144.0.0.0 (Windows 10): Executed 256 of 405[31m (4 FAILED)[39m (0 secs / 0.471 secs)
[1A[2KChrome 144.0.0.0 (Windows 10): Executed 257 of 405[31m (4 FAILED)[39m (0 secs / 0.472 secs)
[1A[2KChrome 144.0.0.0 (Windows 10): Executed 258 of 405[31m (4 FAILED)[39m (0 secs / 0.473 secs)
[1A[2KChrome 144.0.0.0 (Windows 10): Executed 259 of 405[31m (4 FAILED)[39m (0 secs / 0.473 secs)
[1A[2KChrome 144.0.0.0 (Windows 10): Executed 260 of 405[31m (4 FAILED)[39m (0 secs / 0.474 secs)
[1A[2KChrome 144.0.0.0 (Windows 10): Executed 261 of 405[31m (4 FAILED)[39m (0 secs / 0.475 secs)
[1A[2KChrome 144.0.0.0 (Windows 10): Executed 262 of 405[31m (4 FAILED)[39m (0 secs / 0.476 secs)
[1A[2KChrome 144.0.0.0 (Windows 10): Executed 263 of 405[31m (4 FAILED)[39m (0 secs / 0.477 secs)
[1A[2KChrome 144.0.0.0 (Windows 10): Executed 264 of 405[31m (4 FAILED)[39m (0 secs / 0.478 secs)
[1A[2KChrome 144.0.0.0 (Windows 10): Executed 265 of 405[31m (4 FAILED)[39m (0 secs / 0.478 secs)
[1A[2KChrome 144.0.0.0 (Windows 10): Executed 266 of 405[31m (4 FAILED)[39m (0 secs / 0.479 secs)
[1A[2KChrome 144.0.0.0 (Windows 10): Executed 267 of 405[31m (4 FAILED)[39m (0 secs / 0.48 secs)
[1A[2KChrome 144.0.0.0 (Windows 10): Executed 268 of 405[31m (4 FAILED)[39m (0 secs / 0.485 secs)
[1A[2KChrome 144.0.0.0 (Windows 10): Executed 269 of 405[31m (4 FAILED)[39m (0 secs / 0.486 secs)
[1A[2KChrome 144.0.0.0 (Windows 10): Executed 270 of 405[31m (4 FAILED)[39m (0 secs / 0.487 secs)
[1A[2KChrome 144.0.0.0 (Windows 10): Executed 271 of 405[31m (4 FAILED)[39m (0 secs / 0.488 secs)
[1A[2KChrome 144.0.0.0 (Windows 10): Executed 272 of 405[31m (4 FAILED)[39m (0 secs / 0.489 secs)
[1A[2KChrome 144.0.0.0 (Windows 10): Executed 273 of 405[31m (4 FAILED)[39m (0 secs / 0.49 secs)
[1A[2KChrome 144.0.0.0 (Windows 10): Executed 274 of 405[31m (4 FAILED)[39m (0 secs / 0.49 secs)
[1A[2KChrome 144.0.0.0 (Windows 10): Executed 275 of 405[31m (4 FAILED)[39m (0 secs / 0.49 secs)
[1A[2KChrome 144.0.0.0 (Windows 10): Executed 276 of 405[31m (4 FAILED)[39m (0 secs / 0.491 secs)
[1A[2KChrome 144.0.0.0 (Windows 10): Executed 277 of 405[31m (4 FAILED)[39m (0 secs / 0.492 secs)
[1A[2KChrome 144.0.0.0 (Windows 10): Executed 278 of 405[31m (4 FAILED)[39m (0 secs / 0.492 secs)
[1A[2KChrome 144.0.0.0 (Windows 10): Executed 279 of 405[31m (4 FAILED)[39m (0 secs / 0.492 secs)
[1A[2KChrome 144.0.0.0 (Windows 10): Executed 280 of 405[31m (4 FAILED)[39m (0 secs / 0.493 secs)
[1A[2KChrome 144.0.0.0 (Windows 10): Executed 281 of 405[31m (4 FAILED)[39m (0 secs / 0.494 secs)
[1A[2KChrome 144.0.0.0 (Windows 10): Executed 282 of 405[31m (4 FAILED)[39m (0 secs / 0.494 secs)
[1A[2KChrome 144.0.0.0 (Windows 10): Executed 283 of 405[31m (4 FAILED)[39m (0 secs / 0.494 secs)
[1A[2KChrome 144.0.0.0 (Windows 10): Executed 284 of 405[31m (4 FAILED)[39m (0 secs / 0.495 secs)
[1A[2KChrome 144.0.0.0 (Windows 10): Executed 285 of 405[31m (4 FAILED)[39m (0 secs / 0.496 secs)
[1A[2KChrome 144.0.0.0 (Windows 10): Executed 286 of 405[31m (4 FAILED)[39m (0 secs / 0.497 secs)
[1A[2KChrome 144.0.0.0 (Windows 10): Executed 287 of 405[31m (4 FAILED)[39m (0 secs / 0.498 secs)
[1A[2KChrome 144.0.0.0 (Windows 10): Executed 288 of 405[31m (4 FAILED)[39m (0 secs / 0.499 secs)
[1A[2KChrome 144.0.0.0 (Windows 10): Executed 289 of 405[31m (4 FAILED)[39m (0 secs / 0.5 secs)
[1A[2KChrome 144.0.0.0 (Windows 10): Executed 290 of 405[31m (4 FAILED)[39m (0 secs / 0.5 secs)
[1A[2KChrome 144.0.0.0 (Windows 10): Executed 291 of 405[31m (4 FAILED)[39m (0 secs / 0.5 secs)
[1A[2KChrome 144.0.0.0 (Windows 10): Executed 292 of 405[31m (4 FAILED)[39m (0 secs / 0.501 secs)
[1A[2KChrome 144.0.0.0 (Windows 10): Executed 293 of 405[31m (4 FAILED)[39m (0 secs / 0.502 secs)
[1A[2KChrome 144.0.0.0 (Windows 10): Executed 294 of 405[31m (4 FAILED)[39m (0 secs / 0.503 secs)
[1A[2KChrome 144.0.0.0 (Windows 10): Executed 295 of 405[31m (4 FAILED)[39m (0 secs / 0.504 secs)
[1A[2KChrome 144.0.0.0 (Windows 10): Executed 296 of 405[31m (4 FAILED)[39m (0 secs / 0.504 secs)
[1A[2KChrome 144.0.0.0 (Windows 10): Executed 297 of 405[31m (4 FAILED)[39m (0 secs / 0.505 secs)
[1A[2KChrome 144.0.0.0 (Windows 10): Executed 298 of 405[31m (4 FAILED)[39m (0 secs / 0.506 secs)
[1A[2KChrome 144.0.0.0 (Windows 10): Executed 299 of 405[31m (4 FAILED)[39m (0 secs / 0.507 secs)
[1A[2KChrome 144.0.0.0 (Windows 10): Executed 300 of 405[31m (4 FAILED)[39m (0 secs / 0.508 secs)
[1A[2KChrome 144.0.0.0 (Windows 10): Executed 301 of 405[31m (4 FAILED)[39m (0 secs / 0.509 secs)
[1A[2KChrome 144.0.0.0 (Windows 10): Executed 302 of 405[31m (4 FAILED)[39m (0 secs / 0.51 secs)
[1A[2KChrome 144.0.0.0 (Windows 10): Executed 303 of 405[31m (4 FAILED)[39m (0 secs / 0.51 secs)
[1A[2KChrome 144.0.0.0 (Windows 10): Executed 304 of 405[31m (4 FAILED)[39m (0 secs / 0.511 secs)
[1A[2KChrome 144.0.0.0 (Windows 10): Executed 305 of 405[31m (4 FAILED)[39m (0 secs / 0.512 secs)
[1A[2KChrome 144.0.0.0 (Windows 10): Executed 306 of 405[31m (4 FAILED)[39m (0 secs / 0.513 secs)
[1A[2KChrome 144.0.0.0 (Windows 10): Executed 307 of 405[31m (4 FAILED)[39m (0 secs / 0.513 secs)
[1A[2KChrome 144.0.0.0 (Windows 10): Executed 308 of 405[31m (4 FAILED)[39m (0 secs / 0.514 secs)
[1A[2KChrome 144.0.0.0 (Windows 10): Executed 309 of 405[31m (4 FAILED)[39m (0 secs / 0.515 secs)
[1A[2KChrome 144.0.0.0 (Windows 10): Executed 310 of 405[31m (4 FAILED)[39m (0 secs / 0.516 secs)
[1A[2KChrome 144.0.0.0 (Windows 10): Executed 311 of 405[31m (4 FAILED)[39m (0 secs / 0.516 secs)
[1A[2KChrome 144.0.0.0 (Windows 10): Executed 312 of 405[31m (4 FAILED)[39m (0 secs / 0.516 secs)
[1A[2KChrome 144.0.0.0 (Windows 10): Executed 313 of 405[31m (4 FAILED)[39m (0 secs / 0.517 secs)
[1A[2KChrome 144.0.0.0 (Windows 10): Executed 314 of 405[31m (4 FAILED)[39m (0 secs / 0.518 secs)
[1A[2KChrome 144.0.0.0 (Windows 10): Executed 315 of 405[31m (4 FAILED)[39m (0 secs / 0.519 secs)
[1A[2KChrome 144.0.0.0 (Windows 10): Executed 316 of 405[31m (4 FAILED)[39m (0 secs / 0.519 secs)
[1A[2KChrome 144.0.0.0 (Windows 10): Executed 317 of 405[31m (4 FAILED)[39m (0 secs / 0.52 secs)
[1A[2KChrome 144.0.0.0 (Windows 10): Executed 318 of 405[31m (4 FAILED)[39m (0 secs / 0.521 secs)
[1A[2KChrome 144.0.0.0 (Windows 10): Executed 319 of 405[31m (4 FAILED)[39m (0 secs / 0.522 secs)
[1A[2KChrome 144.0.0.0 (Windows 10): Executed 320 of 405[31m (4 FAILED)[39m (0 secs / 0.522 secs)
[1A[2KChrome 144.0.0.0 (Windows 10): Executed 321 of 405[31m (4 FAILED)[39m (0 secs / 0.523 secs)
[1A[2KChrome 144.0.0.0 (Windows 10): Executed 322 of 405[31m (4 FAILED)[39m (0 secs / 0.524 secs)
[1A[2KChrome 144.0.0.0 (Windows 10): Executed 323 of 405[31m (4 FAILED)[39m (0 secs / 0.525 secs)
[1A[2KChrome 144.0.0.0 (Windows 10): Executed 324 of 405[31m (4 FAILED)[39m (0 secs / 0.526 secs)
[1A[2KChrome 144.0.0.0 (Windows 10): Executed 325 of 405[31m (4 FAILED)[39m (0 secs / 0.526 secs)
[1A[2KChrome 144.0.0.0 (Windows 10): Executed 326 of 405[31m (4 FAILED)[39m (0 secs / 0.527 secs)
[1A[2KChrome 144.0.0.0 (Windows 10): Executed 327 of 405[31m (4 FAILED)[39m (0 secs / 0.528 secs)
[1A[2KChrome 144.0.0.0 (Windows 10): Executed 328 of 405[31m (4 FAILED)[39m (0 secs / 0.529 secs)
[1A[2KChrome 144.0.0.0 (Windows 10): Executed 329 of 405[31m (4 FAILED)[39m (0 secs / 0.53 secs)
[1A[2KChrome 144.0.0.0 (Windows 10): Executed 330 of 405[31m (4 FAILED)[39m (0 secs / 0.531 secs)
[1A[2KChrome 144.0.0.0 (Windows 10): Executed 331 of 405[31m (4 FAILED)[39m (0 secs / 0.531 secs)
[1A[2KChrome 144.0.0.0 (Windows 10): Executed 332 of 405[31m (4 FAILED)[39m (0 secs / 0.532 secs)
[1A[2KChrome 144.0.0.0 (Windows 10): Executed 333 of 405[31m (4 FAILED)[39m (0 secs / 0.533 secs)
[1A[2KChrome 144.0.0.0 (Windows 10): Executed 334 of 405[31m (4 FAILED)[39m (0 secs / 0.534 secs)
[1A[2KChrome 144.0.0.0 (Windows 10): Executed 335 of 405[31m (4 FAILED)[39m (0 secs / 0.534 secs)
[1A[2KChrome 144.0.0.0 (Windows 10): Executed 336 of 405[31m (4 FAILED)[39m (0 secs / 0.534 secs)
[1A[2KChrome 144.0.0.0 (Windows 10): Executed 337 of 405[31m (4 FAILED)[39m (0 secs / 0.535 secs)
[1A[2KChrome 144.0.0.0 (Windows 10): Executed 338 of 405[31m (4 FAILED)[39m (0 secs / 0.536 secs)
[1A[2KChrome 144.0.0.0 (Windows 10): Executed 339 of 405[31m (4 FAILED)[39m (0 secs / 0.537 secs)
[1A[2KChrome 144.0.0.0 (Windows 10): Executed 340 of 405[31m (4 FAILED)[39m (0 secs / 0.537 secs)
[1A[2KChrome 144.0.0.0 (Windows 10): Executed 341 of 405[31m (4 FAILED)[39m (0 secs / 0.537 secs)
[1A[2KChrome 144.0.0.0 (Windows 10): Executed 342 of 405[31m (4 FAILED)[39m (0 secs / 0.538 secs)
[1A[2KChrome 144.0.0.0 (Windows 10): Executed 343 of 405[31m (4 FAILED)[39m (0 secs / 0.539 secs)
[1A[2KChrome 144.0.0.0 (Windows 10): Executed 344 of 405[31m (4 FAILED)[39m (0 secs / 0.54 secs)
[1A[2KChrome 144.0.0.0 (Windows 10): Executed 345 of 405[31m (4 FAILED)[39m (0 secs / 0.54 secs)
[1A[2KChrome 144.0.0.0 (Windows 10): Executed 346 of 405[31m (4 FAILED)[39m (0 secs / 0.541 secs)
[1A[2KChrome 144.0.0.0 (Windows 10): Executed 347 of 405[31m (4 FAILED)[39m (0 secs / 0.542 secs)
[1A[2KChrome 144.0.0.0 (Windows 10): Executed 348 of 405[31m (4 FAILED)[39m (0 secs / 0.543 secs)
[1A[2KChrome 144.0.0.0 (Windows 10): Executed 349 of 405[31m (4 FAILED)[39m (0 secs / 0.544 secs)
[1A[2KChrome 144.0.0.0 (Windows 10): Executed 350 of 405[31m (4 FAILED)[39m (0 secs / 0.544 secs)
[1A[2KChrome 144.0.0.0 (Windows 10): Executed 351 of 405[31m (4 FAILED)[39m (0 secs / 0.545 secs)
[1A[2KChrome 144.0.0.0 (Windows 10): Executed 352 of 405[31m (4 FAILED)[39m (0 secs / 0.546 secs)
[1A[2KChrome 144.0.0.0 (Windows 10): Executed 353 of 405[31m (4 FAILED)[39m (0 secs / 0.547 secs)
[1A[2KChrome 144.0.0.0 (Windows 10): Executed 354 of 405[31m (4 FAILED)[39m (0 secs / 0.548 secs)
[1A[2KChrome 144.0.0.0 (Windows 10): Executed 355 of 405[31m (4 FAILED)[39m (0 secs / 0.548 secs)
[1A[2KChrome 144.0.0.0 (Windows 10): Executed 356 of 405[31m (4 FAILED)[39m (0 secs / 0.549 secs)
[1A[2KChrome 144.0.0.0 (Windows 10): Executed 357 of 405[31m (4 FAILED)[39m (0 secs / 0.55 secs)
[1A[2KChrome 144.0.0.0 (Windows 10): Executed 358 of 405[31m (4 FAILED)[39m (0 secs / 0.551 secs)
[1A[2KChrome 144.0.0.0 (Windows 10): Executed 359 of 405[31m (4 FAILED)[39m (0 secs / 0.552 secs)
[1A[2KChrome 144.0.0.0 (Windows 10): Executed 360 of 405[31m (4 FAILED)[39m (0 secs / 0.556 secs)
[1A[2KChrome 144.0.0.0 (Windows 10): Executed 361 of 405[31m (4 FAILED)[39m (0 secs / 0.557 secs)
[1A[2KChrome 144.0.0.0 (Windows 10): Executed 362 of 405[31m (4 FAILED)[39m (0 secs / 0.558 secs)
[1A[2KChrome 144.0.0.0 (Windows 10): Executed 363 of 405[31m (4 FAILED)[39m (0 secs / 0.559 secs)
[1A[2KChrome 144.0.0.0 (Windows 10): Executed 364 of 405[31m (4 FAILED)[39m (0 secs / 0.56 secs)
[1A[2KChrome 144.0.0.0 (Windows 10): Executed 365 of 405[31m (4 FAILED)[39m (0 secs / 0.56 secs)
[1A[2KChrome 144.0.0.0 (Windows 10): Executed 366 of 405[31m (4 FAILED)[39m (0 secs / 0.56 secs)
[1A[2KChrome 144.0.0.0 (Windows 10): Executed 367 of 405[31m (4 FAILED)[39m (0 secs / 0.561 secs)
[1A[2KChrome 144.0.0.0 (Windows 10): Executed 368 of 405[31m (4 FAILED)[39m (0 secs / 0.561 secs)
[1A[2KChrome 144.0.0.0 (Windows 10): Executed 369 of 405[31m (4 FAILED)[39m (0 secs / 0.562 secs)
[1A[2KChrome 144.0.0.0 (Windows 10): Executed 370 of 405[31m (4 FAILED)[39m (0 secs / 0.562 secs)
[1A[2KChrome 144.0.0.0 (Windows 10): Executed 371 of 405[31m (4 FAILED)[39m (0 secs / 0.562 secs)
[1A[2KChrome 144.0.0.0 (Windows 10): Executed 372 of 405[31m (4 FAILED)[39m (0 secs / 0.563 secs)
[1A[2KChrome 144.0.0.0 (Windows 10): Executed 373 of 405[31m (4 FAILED)[39m (0 secs / 0.563 secs)
[1A[2KChrome 144.0.0.0 (Windows 10): Executed 374 of 405[31m (4 FAILED)[39m (0 secs / 0.563 secs)
[1A[2KChrome 144.0.0.0 (Windows 10): Executed 375 of 405[31m (4 FAILED)[39m (0 secs / 0.564 secs)
[1A[2K[31mChrome 144.0.0.0 (Windows 10) PeriodService getMondayForWeek should return Monday for week 1 FAILED[39m
	Expected 0 to be 1.
	    at <Jasmine>
	    at UserContext.<anonymous> (src/app/services/period.service.spec.ts:211:29)
	    at _ZoneDelegate.invoke (node_modules/zone.js/fesm2015/zone.js:398:28)
	    at _ProxyZoneSpec.onInvoke (node_modules/zone.js/fesm2015/zone-testing.js:2132:39)
	    at _ZoneDelegate.invoke (node_modules/zone.js/fesm2015/zone.js:397:34)
Chrome 144.0.0.0 (Windows 10): Executed 376 of 405[31m (5 FAILED)[39m (0 secs / 0.564 secs)
[1A[2K[31mChrome 144.0.0.0 (Windows 10) PeriodService getMondayForWeek should return correct Monday across year boundaries FAILED[39m
	Expected 0 to be 1.
	    at <Jasmine>
	    at UserContext.<anonymous> (src/app/services/period.service.spec.ts:228:29)
	    at _ZoneDelegate.invoke (node_modules/zone.js/fesm2015/zone.js:398:28)
	    at _ProxyZoneSpec.onInvoke (node_modules/zone.js/fesm2015/zone-testing.js:2132:39)
	    at _ZoneDelegate.invoke (node_modules/zone.js/fesm2015/zone.js:397:34)
Chrome 144.0.0.0 (Windows 10): Executed 377 of 405[31m (6 FAILED)[39m (0 secs / 0.565 secs)
[1A[2K[31mChrome 144.0.0.0 (Windows 10) PeriodService getMondayForWeek should return Monday for week 53 (if exists) FAILED[39m
	Expected 0 to be 1.
	    at <Jasmine>
	    at UserContext.<anonymous> (src/app/services/period.service.spec.ts:220:29)
	    at _ZoneDelegate.invoke (node_modules/zone.js/fesm2015/zone.js:398:28)
	    at _ProxyZoneSpec.onInvoke (node_modules/zone.js/fesm2015/zone-testing.js:2132:39)
	    at _ZoneDelegate.invoke (node_modules/zone.js/fesm2015/zone.js:397:34)
Chrome 144.0.0.0 (Windows 10): Executed 378 of 405[31m (7 FAILED)[39m (0 secs / 0.565 secs)
[1A[2KChrome 144.0.0.0 (Windows 10): Executed 379 of 405[31m (7 FAILED)[39m (0 secs / 0.565 secs)
[1A[2KChrome 144.0.0.0 (Windows 10): Executed 380 of 405[31m (7 FAILED)[39m (0 secs / 0.566 secs)
[1A[2KChrome 144.0.0.0 (Windows 10): Executed 381 of 405[31m (7 FAILED)[39m (0 secs / 0.566 secs)
[1A[2KChrome 144.0.0.0 (Windows 10): Executed 382 of 405[31m (7 FAILED)[39m (0 secs / 0.566 secs)
[1A[2KChrome 144.0.0.0 (Windows 10): Executed 383 of 405[31m (7 FAILED)[39m (0 secs / 0.567 secs)
[1A[2KChrome 144.0.0.0 (Windows 10): Executed 384 of 405[31m (7 FAILED)[39m (0 secs / 0.567 secs)
[1A[2KChrome 144.0.0.0 (Windows 10): Executed 385 of 405[31m (7 FAILED)[39m (0 secs / 0.568 secs)
[1A[2KChrome 144.0.0.0 (Windows 10): Executed 386 of 405[31m (7 FAILED)[39m (0 secs / 0.568 secs)
[1A[2KChrome 144.0.0.0 (Windows 10): Executed 387 of 405[31m (7 FAILED)[39m (0 secs / 0.568 secs)
[1A[2KChrome 144.0.0.0 (Windows 10): Executed 388 of 405[31m (7 FAILED)[39m (0 secs / 0.569 secs)
[1A[2KChrome 144.0.0.0 (Windows 10): Executed 389 of 405[31m (7 FAILED)[39m (0 secs / 0.569 secs)
[1A[2KChrome 144.0.0.0 (Windows 10): Executed 390 of 405[31m (7 FAILED)[39m (0 secs / 0.569 secs)
[1A[2KChrome 144.0.0.0 (Windows 10): Executed 391 of 405[31m (7 FAILED)[39m (0 secs / 0.57 secs)
[1A[2KChrome 144.0.0.0 (Windows 10): Executed 392 of 405[31m (7 FAILED)[39m (0 secs / 0.57 secs)
[1A[2KChrome 144.0.0.0 (Windows 10): Executed 393 of 405[31m (7 FAILED)[39m (0 secs / 0.571 secs)
[1A[2KChrome 144.0.0.0 (Windows 10): Executed 394 of 405[31m (7 FAILED)[39m (0 secs / 0.571 secs)
[1A[2KChrome 144.0.0.0 (Windows 10): Executed 395 of 405[31m (7 FAILED)[39m (0 secs / 0.571 secs)
[1A[2KChrome 144.0.0.0 (Windows 10): Executed 396 of 405[31m (7 FAILED)[39m (0 secs / 0.572 secs)
[1A[2KChrome 144.0.0.0 (Windows 10): Executed 397 of 405[31m (7 FAILED)[39m (0 secs / 0.572 secs)
[1A[2KChrome 144.0.0.0 (Windows 10): Executed 398 of 405[31m (7 FAILED)[39m (0 secs / 0.572 secs)
[1A[2KChrome 144.0.0.0 (Windows 10): Executed 399 of 405[31m (7 FAILED)[39m (0 secs / 0.573 secs)
[1A[2KChrome 144.0.0.0 (Windows 10): Executed 400 of 405[31m (7 FAILED)[39m (0 secs / 0.573 secs)
[1A[2KChrome 144.0.0.0 (Windows 10): Executed 401 of 405[31m (7 FAILED)[39m (0 secs / 0.574 secs)
[1A[2KChrome 144.0.0.0 (Windows 10): Executed 402 of 405[31m (7 FAILED)[39m (0 secs / 0.574 secs)
[1A[2KChrome 144.0.0.0 (Windows 10): Executed 403 of 405[31m (7 FAILED)[39m (0 secs / 0.574 secs)
[1A[2KChrome 144.0.0.0 (Windows 10): Executed 404 of 405[31m (7 FAILED)[39m (0 secs / 0.575 secs)
[1A[2KChrome 144.0.0.0 (Windows 10): Executed 405 of 405[31m (7 FAILED)[39m (0 secs / 0.576 secs)
[1A[2KChrome 144.0.0.0 (Windows 10): Executed 405 of 405[31m (7 FAILED)[39m (0.73 secs / 0.576 secs)
[31mTOTAL: 7 FAILED, 398 SUCCESS[39m
